// Jest Snapshot v1, https://goo.gl/fbAQLP

exports[`renders homepage unchanged 1`] = `
<div
  className="container"
>
  <main>
    <h1>
      Stimulus Check Calculator
    </h1>
    <form
      onSubmit={[Function]}
    >
      <p>
        This is an educational form based on figures from the
         
        <a
          href="https://www.washingtonpost.com/context/coronavirus-aid-relief-and-economic-security-act-of-2020/28f5de5f-6eed-46c0-b629-798e219497c5/"
        >
          CARES Act
        </a>
         
        üìù .
         
      </p>
      <p>
        None of the information you input will be stored.
      </p>
      <label
        htmlFor="tax-year"
      >
        Have you filed your 2019 taxes yet?
      </label>
      <button
        className="selectedButton"
        onClick={[Function]}
      >
        Yes
      </button>
      <button
        className=""
        onClick={[Function]}
      >
        No
      </button>
      <p>
        What was your filing status in your 
        2019
         taxes? 
      </p>
      <button
        className="selectedButton"
        name="tax-year"
        onClick={[Function]}
      >
         
        Single
      </button>
      <button
        className=""
        name="tax-year"
        onClick={[Function]}
      >
         
        Married
      </button>
      <button
        className=""
        name="tax-year"
        onClick={[Function]}
      >
         
        Head of Household
      </button>
      <br />
      <label
        htmlFor="adjusted-income"
      >
        What was your adjusted gross income in 
        2019
        ?
      </label>
      $
       
      <input
        min={0}
        name="adjusted-income"
        onChange={[Function]}
        type="number"
        value="75000"
      />
      <br />
      <label
        htmlFor="children"
      >
        How many children under age 17 did you claim as dependents in
         
        2019
        ?
      </label>
      <input
        min={0}
        name="label"
        onChange={[Function]}
        type="number"
        value={0}
      />
      <br />
      <button
        className="calculateButton"
        type="submit"
      >
        Calculate
      </button>
      <p>
         
      </p>
    </form>
  </main>
  <footer>
    <a
      href="https://www.github.com/m0nica"
      rel="noopener noreferrer"
      target="_blank"
    >
      Created By: Monica Powell
    </a>
  </footer>
</div>
`;
