// Jest Snapshot v1, https://goo.gl/fbAQLP

exports[`renders homepage unchanged 1`] = `
<div
  className="container"
>
  <main>
    <h1>
      Stimulus Check Calculator
       
      <span
        aria-label="money with wings emoji"
        role="img"
      >
        ðŸ’¸
      </span>
    </h1>
    <p>
      Use this calculator to determine the estimated amount of your stimulus check under the CARES Act.
    </p>
    <form
      onSubmit={[Function]}
    >
      <label
        htmlFor="tax-year"
      >
        Have you filed your 2019 taxes yet?
      </label>
      <button
        className="selectedButton"
        name="tax-year"
        onClick={[Function]}
        type="button"
      >
        Yes
      </button>
      <button
        className=""
        name="tax-year"
        onClick={[Function]}
        type="button"
      >
        No
      </button>
      <label
        htmlFor="filing-status"
      >
        What was your filing status in your 
        2019
         taxes?
         
      </label>
      <button
        className="selectedButton"
        name="filing-status"
        onClick={[Function]}
        type="button"
      >
         
        Single
      </button>
      <button
        className=""
        name="filing-status"
        onClick={[Function]}
        type="button"
      >
         
        Married
      </button>
      <button
        className=""
        name="filing-status"
        onClick={[Function]}
        type="button"
      >
         
        Head of Household
      </button>
      <br />
      <label
        htmlFor="adjusted-income"
      >
        What was your adjusted gross income in 
        2019
        ?
      </label>
      $
       
      <input
        inputMode="numeric"
        min={0}
        onChange={[Function]}
        pattern="[0-9]*"
        type="string"
        value="75000"
      />
      <br />
      <label
        htmlFor="children"
      >
        How many children under age 17 did you claim as dependents in 
        2019
        ?
      </label>
      <input
        inputMode="numeric"
        min={0}
        name="label"
        onChange={[Function]}
        pattern="[0-9]*"
        type="number"
        value={0}
      />
      <br />
      <button
        className="calculateButton"
        type="submit"
      >
        Calculate
      </button>
      <p>
         
      </p>
      <br />
    </form>
    <footer>
      <p>
        This form was created for educational purposes and based off of figures from the
         
        <a
          href="https://www.washingtonpost.com/context/coronavirus-aid-relief-and-economic-security-act-of-2020/28f5de5f-6eed-46c0-b629-798e219497c5/"
        >
          CARES Act
        </a>
         
        and this
         
        <a
          href="https://www.washingtonpost.com/graphics/business/coronavirus-stimulus-check-calculator/"
        >
          Washington Post Article
        </a>
        .
      </p>
      <p>
        None of the information you input will be stored.
      </p>
      <p>
        Created By:
         
        <a
          href="https://github.com/M0nica/stimulus-check-calculator"
          rel="noopener noreferrer"
          target="_blank"
        >
          Monica Powell
        </a>
      </p>
    </footer>
  </main>
</div>
`;
